<!DOCTYPE html>
<html lang="en">

    <head>
        <meta charset="UTF-8">
        <meta name="viewport" content="width=device-width, initial-scale=1.0">
        <title>Golden-exam</title>
        <link rel="stylesheet" href="style.css">
    </head>

    <body>
        <!-- Start site coding -->
        <!-- Start Header section -->
        <header>
            <div class="container">
                <div class="nav-section">
                    <div class="logo"><img src="img/Logo.png" alt=""></div>
                    <div class="nav">
                        <ul>
                            <li><a href="#">Home</a></li>
                            <li><a href="#Service">Service</a></li>
                            <li><a href="#portfolio">portfolio</a></li>
                            <li><a href="#">About</a></li>
                            <li><a href="#">Contact</a></li>
                        </ul>
                    </div>
                </div>
            </div>
            <div class="container">
                <div class="slider">
                    <h3>Welcome To Our Studio!</h3>
                    <h1>Itâ€™s nice to Meet you</h1>
                    <a href="#">Tell Me More</a>
                </div>
            </div>
        </header>
        <!-- End Header Section -->
        <!-- Start Service section -->
        <section class="service pd100" id="Service">
            <div class="container">
                <div class="section-title">
                    <h1>Services</h1>
                    <p>Proin iaculis purus consequat sem cure. </p>
                </div>
                <div class="service-section">
                    <div class="col-4">
                        <div class="service-part">
                            <i class="fas fa-laptop-code"></i>
                            <h3>E-Commerce</h3>
                            <p>Proin iaculis purus consequat sem cure digni ssim. Donec porttitora entum suscipit aenean
                                rhoncus posuere odio in tincidunt.</p>
                        </div>
                    </div>
                    <div class="col-4">
                        <div class="service-part">
                            <i class="fas fa-shopping-bag"></i>
                            <h3>E-Commerce</h3>
                            <p>Proin iaculis purus consequat sem cure digni ssim. Donec porttitora entum suscipit aenean
                                rhoncus posuere odio in tincidunt.</p>
                        </div>
                    </div>
                    <div class="col-4">
                        <div class="service-part">
                            <i class="fas fa-unlock-alt"></i>
                            <h3>E-Commerce</h3>
                            <p>Proin iaculis purus consequat sem cure digni ssim. Donec porttitora entum suscipit aenean
                                rhoncus posuere odio in tincidunt.</p>
                        </div>
                    </div>

                </div>
            </div>
        </section>
        <!-- End Service section -->
        <!-- Portfolio Section -->
        <section class="portfolio pd100" id="portfolio">
            <div class="container">
                <div class="section-title">
                    <h1>Portfolio</h1>
                    <p>Proin iaculis purus consequat sem cure. </p>
                </div>
                <div class="portfolio-section">
                    <div class="col-4">
                        <div class="portfolio-part">
                            <img src="img/portfolio-01.png" alt="">
                            <h3>Ebony & Lvory</h3>
                            <p>Branding</p>
                        </div>
                    </div>
                    <div class="col-4">
                        <div class="portfolio-part">
                            <img src="img/portfolio-02.png" alt="">
                            <h3>Ebony & Lvory</h3>
                            <p>Branding</p>
                        </div>
                    </div>
                    <div class="col-4">
                        <div class="portfolio-part">
                            <img src="img/portfolio-03.png" alt="">
                            <h3>Ebony & Lvory</h3>
                            <p>Branding</p>
                        </div>
                    </div>
                </div>
            </div>
        </section>
        <!--End  Portfolio Section -->
        <!--End  site coding  -->

        <!-- Font awesome -->
        <script src="https://kit.fontawesome.com/40aed592e2.js" crossorigin="anonymous"></script>
    </body>

</html>